0 verbose cli /Users/apple/.nvm/versions/node/v24.14.0/bin/node /usr/local/bin/npm
1 info using npm@11.9.0
2 info using node@v24.14.0
3 silly config load:file:/usr/local/lib/node_modules/npm/npmrc
4 silly config load:file:/Users/apple/Desktop/ascope tech /backend/.npmrc
5 silly config load:file:/Users/apple/.npmrc
6 silly config load:file:/Users/apple/.nvm/versions/node/v24.14.0/etc/npmrc
7 verbose title npm install express cors dotenv pg nodemon
8 verbose argv "install" "--cache" ".npm_cache" "express" "cors" "dotenv" "pg" "nodemon"
9 verbose logfile logs-max:10 dir:/Users/apple/Desktop/ascope tech /backend/.npm_cache/_logs/2026-05-16T13_12_07_260Z-
10 verbose logfile /Users/apple/Desktop/ascope tech /backend/.npm_cache/_logs/2026-05-16T13_12_07_260Z-debug-0.log
11 silly logfile done cleaning log files
12 silly packumentCache heap:4496293888 maxSize:1124073472 maxEntrySize:562036736
13 http fetch GET https://registry.npmjs.org/npm attempt 1 failed with ENOTFOUND
14 silly idealTree buildDeps
15 silly fetch manifest cors@^2.8.5
16 silly packumentCache full:https://registry.npmjs.org/cors cache-miss
17 http fetch GET https://registry.npmjs.org/cors attempt 1 failed with ENOTFOUND
18 http fetch GET https://registry.npmjs.org/npm attempt 2 failed with ENOTFOUND
19 http fetch GET https://registry.npmjs.org/cors attempt 2 failed with ENOTFOUND
20 http fetch GET https://registry.npmjs.org/npm attempt 3 failed with ENOTFOUND
21 http fetch GET https://registry.npmjs.org/cors attempt 3 failed with ENOTFOUND
22 silly fetch manifest dotenv@^16.4.7
23 silly packumentCache full:https://registry.npmjs.org/dotenv cache-miss
24 http fetch GET https://registry.npmjs.org/dotenv attempt 1 failed with ENOTFOUND
25 http fetch GET https://registry.npmjs.org/dotenv attempt 2 failed with ENOTFOUND
26 http fetch GET https://registry.npmjs.org/dotenv attempt 3 failed with ENOTFOUND
27 silly fetch manifest express@^4.21.2
28 silly packumentCache full:https://registry.npmjs.org/express cache-miss
29 http fetch GET https://registry.npmjs.org/express attempt 1 failed with ENOTFOUND
30 http fetch GET https://registry.npmjs.org/express attempt 2 failed with ENOTFOUND
31 http fetch GET https://registry.npmjs.org/express attempt 3 failed with ENOTFOUND
32 silly fetch manifest pg@^8.13.3
33 silly packumentCache full:https://registry.npmjs.org/pg cache-miss
34 http fetch GET https://registry.npmjs.org/pg attempt 1 failed with ENOTFOUND
35 http fetch GET https://registry.npmjs.org/pg attempt 2 failed with ENOTFOUND
36 http fetch GET https://registry.npmjs.org/pg attempt 3 failed with ENOTFOUND
37 silly fetch manifest nodemon@^3.1.9
38 silly packumentCache full:https://registry.npmjs.org/nodemon cache-miss
39 http fetch GET https://registry.npmjs.org/nodemon attempt 1 failed with ENOTFOUND
40 http fetch GET https://registry.npmjs.org/nodemon attempt 2 failed with ENOTFOUND
41 http fetch GET https://registry.npmjs.org/nodemon attempt 3 failed with ENOTFOUND
42 silly placeDep ROOT cors@ OK for: backend@1.0.0 want: ^2.8.5
43 silly placeDep ROOT dotenv@ OK for: backend@1.0.0 want: ^16.4.7
44 silly placeDep ROOT express@ OK for: backend@1.0.0 want: ^4.21.2
45 silly placeDep ROOT nodemon@ OK for: backend@1.0.0 want: ^3.1.9
46 silly placeDep ROOT pg@ OK for: backend@1.0.0 want: ^8.13.3
47 verbose type system
48 verbose stack FetchError: request to https://registry.npmjs.org/cors failed, reason: getaddrinfo ENOTFOUND registry.npmjs.org
48 verbose stack     at ClientRequest.<anonymous> (/usr/local/lib/node_modules/npm/node_modules/minipass-fetch/lib/index.js:130:14)
48 verbose stack     at ClientRequest.emit (node:events:508:28)
48 verbose stack     at emitErrorEvent (node:_http_client:108:11)
48 verbose stack     at _destroy (node:_http_client:963:9)
48 verbose stack     at onSocketNT (node:_http_client:983:5)
48 verbose stack     at process.processTicksAndRejections (node:internal/process/task_queues:91:21)
49 error code ENOTFOUND
50 error syscall getaddrinfo
51 error errno ENOTFOUND
52 error network request to https://registry.npmjs.org/cors failed, reason: getaddrinfo ENOTFOUND registry.npmjs.org
53 error network This is a problem related to network connectivity.
53 error network In most cases you are behind a proxy or have bad network settings.
53 error network
53 error network If you are behind a proxy, please make sure that the
53 error network 'proxy' config is set properly.  See: 'npm help config'
54 silly unfinished npm timer reify 1778937127863
55 silly unfinished npm timer reify:loadTrees 1778937127867
56 verbose cwd /Users/apple/Desktop/ascope tech /backend
57 verbose os Darwin 25.4.0
58 verbose node v24.14.0
59 verbose npm  v11.9.0
60 verbose exit 1
61 verbose code 1
62 error A complete log of this run can be found in: /Users/apple/Desktop/ascope tech /backend/.npm_cache/_logs/2026-05-16T13_12_07_260Z-debug-0.log
